src/pages/admin/AdminPrograms.tsx(584,55): error TS2339: Property 'min_classification' does not exist on type '{ qualification_type: string; min_passes: number; min_grade: string; compulsory_subjects?: string[]; subject_groups?: { subjects: string[]; min_required: number; }[]; }'.
src/pages/admin/AdminPrograms.tsx(1214,42): error TS2339: Property 'min_classification' does not exist on type '{ qualification_type: string; min_passes: number; min_grade: string; compulsory_subjects?: string[]; subject_groups?: { subjects: string[]; min_required: number; }[]; }'.
src/pages/admin/AdminPrograms.tsx(1236,50): error TS2339: Property 'min_classification' does not exist on type '{ qualification_type: string; min_passes: number; min_grade: string; compulsory_subjects?: string[]; subject_groups?: { subjects: string[]; min_required: number; }[]; }'.
